C51 COMPILER V7.06   04_数码_躝_蘝_允_                                                     01/06/2010 16:34:05 PAGE 1   


C51 COMPILER V7.06, COMPILATION OF MODULE 04_数码_躝_蘝_允_
OBJECT MODULE PLACED IN 04 数码管动态显示.OBJ
COMPILER INVOKED BY: C:\Keil\C51\BIN\C51.EXE 04 数码管动态显示.c DEBUG OBJECTEXTEND

stmt level    source

   1          #include<reg51.h>
   2          #define uint unsigned int
   3          #define uchar unsigned char             
   4          uchar code table[]={0xfc,0x60,0xda,0xf2,0x66,0xb6,0xbe,0xe0,0xfe,0xf6,0xee,0x3e,0x9c,0x7a,0x9e,0x8e};
   5          //共阴数码管编码表
   6          uchar code address[]={0xfe,0xfd,0xfb,0xf7,0xef,0xdf,0xbf,0x7f};
   7          //数码管选择编码表
   8          void delay(uint);
   9          void main()              
  10          {
  11   1       uchar m=0;
  12   1       while(1)
  13   1       {
  14   2         if(m==8)
  15   2         m=0;
  16   2         P2=address[m];
  17   2         P1=table[m++];
  18   2         delay(500);  
  19   2       }
  20   1      }
  21          void delay(uint m)//延时子程序
  22          {
  23   1              while(m--);
  24   1      }


MODULE INFORMATION:   STATIC OVERLAYABLE
   CODE SIZE        =     50    ----
   CONSTANT SIZE    =     24    ----
   XDATA SIZE       =   ----    ----
   PDATA SIZE       =   ----    ----
   DATA SIZE        =   ----       1
   IDATA SIZE       =   ----    ----
   BIT SIZE         =   ----    ----
END OF MODULE INFORMATION.


C51 COMPILATION COMPLETE.  0 WARNING(S),  0 ERROR(S)
