C51 COMPILER V8.08   流水灯                                                                12/07/2011 10:23:50 PAGE 1   


C51 COMPILER V8.08, COMPILATION OF MODULE 流水灯
OBJECT MODULE PLACED IN C:\Documents and Settings\Administrator\桌面\11\流水灯.obj
COMPILER INVOKED BY: C:\Keil\C51\BIN\C51.EXE ..\实验参考程序\流水灯.c BROWSE DEBUG OBJECTEXTEND PRINT(.\流水灯.lst) OBJE
                    -CT(C:\Documents and Settings\Administrator\桌面\11\流水灯.obj)

line level    source

   1          #include<reg51.h>
   2          #include<intrins.h>
   3          /*后面要用到它里面的_crol_(k,1)函数，该函数的意思是把字符变量k循环左移1位。
   4          */
   5          unsigned char a,b,k,j;
   6          void delay10ms( )//延时子程序，大约10ms
   7          {
   8   1      for(a=255;a>0;a--)
   9   1      for(b=225;b>0;b--);
  10   1      }
  11          void main( )
  12          {
  13   1      k=0xfe;
  14   1      while(1)
  15   1      {
  16   2      delay10ms();
  17   2      j=_crol_(k,1);
  18   2      P1=j;k=j;
  19   2      }
  20   1      }


MODULE INFORMATION:   STATIC OVERLAYABLE
   CODE SIZE        =     39    ----
   CONSTANT SIZE    =   ----    ----
   XDATA SIZE       =   ----    ----
   PDATA SIZE       =   ----    ----
   DATA SIZE        =      4    ----
   IDATA SIZE       =   ----    ----
   BIT SIZE         =   ----    ----
END OF MODULE INFORMATION.


C51 COMPILATION COMPLETE.  0 WARNING(S),  0 ERROR(S)
