BL51 BANKED LINKER/LOCATER V5.03                                                        01/06/2010  16:14:15  PAGE 1


BL51 BANKED LINKER/LOCATER V5.03, INVOKED BY:
C:\KEIL\C51\BIN\BL51.EXE 3  ˝¬Îπ‹æ≤Ã¨œ‘ æ.obj TO  ˝¬Îπ‹æ≤Ã¨œ‘ æ RAMSIZE (256)


MEMORY MODEL: SMALL


INPUT MODULES INCLUDED:
  3  ˝¬Îπ‹æ≤Ã¨œ‘ æ.obj (3_ ˝¬Î_‹_≤Ã__‘ _)
  C:\KEIL\C51\LIB\C51S.LIB (?C_STARTUP)


LINK MAP OF MODULE:   ˝¬Îπ‹æ≤Ã¨œ‘ æ (3_ ˝¬Î_‹_≤Ã__‘ _)


            TYPE    BASE      LENGTH    RELOCATION   SEGMENT NAME
            -----------------------------------------------------

            * * * * * * *   D A T A   M E M O R Y   * * * * * * *
            REG     0000H     0008H     ABSOLUTE     "REG BANK 0"
            DATA    0008H     0001H     UNIT         _DATA_GROUP_
            IDATA   0009H     0001H     UNIT         ?STACK

            * * * * * * *   C O D E   M E M O R Y   * * * * * * *
            CODE    0000H     0003H     ABSOLUTE     
            CODE    0003H     001FH     UNIT         ?PR?MAIN?3_ ˝¬Î_‹_≤Ã__‘ _
            CODE    0022H     0019H     UNIT         ?PR?_DELAY?3_ ˝¬Î_‹_≤Ã__‘ _
            CODE    003BH     0010H     UNIT         ?CO?3_ ˝¬Î_‹_≤Ã__‘ _
            CODE    004BH     000CH     UNIT         ?C_C51STARTUP



OVERLAY MAP OF MODULE:    ˝¬Îπ‹æ≤Ã¨œ‘ æ (3_ ˝¬Î_‹_≤Ã__‘ _)


SEGMENT                               DATA_GROUP 
  +--> CALLED SEGMENT               START    LENGTH
---------------------------------------------------
?C_C51STARTUP                       -----    -----
  +--> ?PR?MAIN?3_ ˝¬Î_‹_≤Ã__‘ _

?PR?MAIN?3_ ˝¬Î_‹_≤Ã__‘ _           0008H    0001H
  +--> ?CO?3_ ˝¬Î_‹_≤Ã__‘ _
  +--> ?PR?_DELAY?3_ ˝¬Î_‹_≤Ã__‘ _



SYMBOL TABLE OF MODULE:   ˝¬Îπ‹æ≤Ã¨œ‘ æ (3_ ˝¬Î_‹_≤Ã__‘ _)

  VALUE           TYPE          NAME
  ----------------------------------

  -------         MODULE        3_ ˝¬Î_‹_≤Ã__‘ _
  C:0000H         SYMBOL        _ICE_DUMMY_
  D:0090H         PUBLIC        P1
  C:003BH         PUBLIC        table
  C:0003H         PUBLIC        main
  C:0022H         PUBLIC        _delay
BL51 BANKED LINKER/LOCATER V5.03                                                      01/06/2010  16:14:15  PAGE 2


  -------         PROC          MAIN
  -------         DO            
  D:0008H         SYMBOL        m
  -------         ENDDO         
  C:0003H         LINE#         6
  C:0003H         LINE#         7
  C:0003H         LINE#         8
  C:0006H         LINE#         9
  C:0006H         LINE#         10
  C:0006H         LINE#         11
  C:000EH         LINE#         12
  C:0019H         LINE#         13
  C:0020H         LINE#         14
  -------         ENDPROC       MAIN
  -------         PROC          _DELAY
  D:0006H         SYMBOL        k
  -------         DO            
  D:0004H         SYMBOL        a
  D:0005H         SYMBOL        b
  -------         ENDDO         
  C:0022H         LINE#         18
  C:0022H         LINE#         19
  C:0022H         LINE#         21
  C:002BH         LINE#         22
  C:002DH         LINE#         23
  C:003AH         LINE#         24
  -------         ENDPROC       _DELAY
  -------         ENDMOD        3_ ˝¬Î_‹_≤Ã__‘ _

Program Size: data=10.0 xdata=0 code=87
LINK/LOCATE RUN COMPLETE.  0 WARNING(S),  0 ERROR(S)
