BL51 BANKED LINKER/LOCATER V6.05                                                        12/03/2011  16:18:14  PAGE 1


BL51 BANKED LINKER/LOCATER V6.05, INVOKED BY:
C:\KEIL\C51\BIN\BL51.EXE ¶¨Ê±Æ÷ÖÐ¶Ï.obj TO ¶¨Ê±Æ÷ÖÐ¶Ï RAMSIZE (256)


MEMORY MODEL: SMALL


INPUT MODULES INCLUDED:
  ¶¨Ê±Æ÷ÖÐ¶Ï.obj (¶¨Ê±Æ÷_Ð¶Ï)
  C:\KEIL\C51\LIB\C51S.LIB (?C_STARTUP)
  C:\KEIL\C51\LIB\C51S.LIB (?C_INIT)


LINK MAP OF MODULE:  ¶¨Ê±Æ÷ÖÐ¶Ï (¶¨Ê±Æ÷_Ð¶Ï)


            TYPE    BASE      LENGTH    RELOCATION   SEGMENT NAME
            -----------------------------------------------------

            * * * * * * *   D A T A   M E M O R Y   * * * * * * *
            REG     0000H     0008H     ABSOLUTE     "REG BANK 0"
            DATA    0008H     0001H     UNIT         ?DT?¶¨Ê±Æ÷_Ð¶Ï
                    0009H     0017H                  *** GAP ***
            BIT     0020H.0   0000H.1   UNIT         ?BI?¶¨Ê±Æ÷_Ð¶Ï
                    0020H.1   0000H.7                *** GAP ***
            IDATA   0021H     0001H     UNIT         ?STACK

            * * * * * * *   C O D E   M E M O R Y   * * * * * * *
            CODE    0000H     0003H     ABSOLUTE     
            CODE    0003H     0004H     UNIT         ?C_INITSEG
                    0007H     0004H                  *** GAP ***
            CODE    000BH     0003H     ABSOLUTE     
            CODE    000EH     008CH     UNIT         ?C_C51STARTUP
            CODE    009AH     001FH     UNIT         ?PR?MAIN?¶¨Ê±Æ÷_Ð¶Ï
            CODE    00B9H     001DH     UNIT         ?PR?TIME0?¶¨Ê±Æ÷_Ð¶Ï
            CODE    00D6H     0012H     UNIT         ?PR?_DELAY?¶¨Ê±Æ÷_Ð¶Ï



OVERLAY MAP OF MODULE:   ¶¨Ê±Æ÷ÖÐ¶Ï (¶¨Ê±Æ÷_Ð¶Ï)


SEGMENT
  +--> CALLED SEGMENT
---------------------
?C_C51STARTUP
  +--> ?PR?MAIN?¶¨Ê±Æ÷_Ð¶Ï
  +--> ?C_INITSEG

?PR?MAIN?¶¨Ê±Æ÷_Ð¶Ï
  +--> ?PR?_DELAY?¶¨Ê±Æ÷_Ð¶Ï



SYMBOL TABLE OF MODULE:  ¶¨Ê±Æ÷ÖÐ¶Ï (¶¨Ê±Æ÷_Ð¶Ï)

  VALUE           TYPE          NAME
  ----------------------------------
BL51 BANKED LINKER/LOCATER V6.05                                                      12/03/2011  16:18:14  PAGE 2



  -------         MODULE        ¶¨Ê±Æ÷_Ð¶Ï
  C:0000H         SYMBOL        _ICE_DUMMY_
  D:0090H         PUBLIC        P1
  B:00A8H.7       PUBLIC        EA
  C:00D6H         PUBLIC        _delay
  B:0020H.0       PUBLIC        flag
  C:009AH         PUBLIC        main
  D:0008H         PUBLIC        count
  D:0089H         PUBLIC        TMOD
  B:00A8H.1       PUBLIC        ET0
  D:008CH         PUBLIC        TH0
  D:008AH         PUBLIC        TL0
  B:0090H.0       PUBLIC        LED
  B:0088H.4       PUBLIC        TR0
  C:00B9H         PUBLIC        time0
  -------         PROC          _DELAY
  D:0007H         SYMBOL        c
  -------         DO            
  D:0005H         SYMBOL        a
  D:0006H         SYMBOL        b
  -------         ENDDO         
  C:00D6H         LINE#         7
  C:00D6H         LINE#         8
  C:00D6H         LINE#         10
  C:00DCH         LINE#         11
  C:00DEH         LINE#         12
  C:00E7H         LINE#         13
  -------         ENDPROC       _DELAY
  -------         PROC          MAIN
  C:009AH         LINE#         14
  C:009AH         LINE#         15
  C:009AH         LINE#         16
  C:009DH         LINE#         17
  C:00A0H         LINE#         18
  C:00A3H         LINE#         19
  C:00A5H         LINE#         20
  C:00A7H         LINE#         21
  C:00A9H         LINE#         22
  C:00A9H         LINE#         23
  C:00A9H         LINE#         24
  C:00ACH         LINE#         25
  C:00AEH         LINE#         26
  C:00B3H         LINE#         27
  C:00B5H         LINE#         28
  C:00B7H         LINE#         29
  C:00B7H         LINE#         30
  -------         ENDPROC       MAIN
  -------         PROC          TIME0
  C:00B9H         LINE#         33
  C:00BDH         LINE#         35
  C:00C0H         LINE#         36
  C:00C3H         LINE#         37
  C:00C5H         LINE#         38
  C:00CCH         LINE#         39
  C:00CCH         LINE#         40
  C:00CFH         LINE#         41
BL51 BANKED LINKER/LOCATER V6.05                                                      12/03/2011  16:18:14  PAGE 3


  C:00D1H         LINE#         42
  C:00D1H         LINE#         43
  -------         ENDPROC       TIME0
  -------         ENDMOD        ¶¨Ê±Æ÷_Ð¶Ï

Program Size: data=10.1 xdata=0 code=228
LINK/LOCATE RUN COMPLETE.  0 WARNING(S),  0 ERROR(S)
